// Jest Snapshot v1, https://goo.gl/fbAQLP

exports[`<BootCardGrid /> Card renders correctly without crashing 1`] = `
<div>
  <div
    className="p-0 container"
  >
    <div
      className="no-gutters row"
    >
      <div
        className="col-12 col-md-6"
      >
        <div
          className="no-gutters row"
        />
      </div>
    </div>
  </div>
</div>
`;
