// Jest Snapshot v1, https://goo.gl/fbAQLP

exports[`<Video /> Video renders correctly without crashing 1`] = `
<div
  className="video"
>
  <iframe
    allow="accelerometer; autoplay; encrypted-media; gyroscope; picture-in-picture"
    allowFullScreen={true}
    frameBorder="0"
  />
</div>
`;
