// Jest Snapshot v1, https://goo.gl/fbAQLP

exports[`Scratch renders correctly without crashing 1`] = `
<div
  className="layout"
>
  <div
    className="container"
  >
    <div
      className="row"
    >
      <div
        className="p-2 col-12"
      >
        <div
          className="bg-white rounded"
        >
          <div
            className="material-table__wrap"
          >
            <table
              className="MuiTable-root-122 material-table"
            >
              <thead
                className="MuiTableHead-root-123"
              >
                <tr
                  className="MuiTableRow-root-124 MuiTableRow-head-127"
                >
                  <th
                    aria-sort={null}
                    className="MuiTableCell-root-129 MuiTableCell-head-130 material-table__cell material-table__cell--sort material-table__cell--mobile"
                    scope="col"
                  >
                    <h5
                      className="material-table__sort-label"
                    >
                      Title
                    </h5>
                  </th>
                  <th
                    aria-sort="ascending"
                    className="MuiTableCell-root-129 MuiTableCell-head-130 material-table__cell material-table__cell--sort material-table__cell--mobile"
                    scope="col"
                  >
                    <span
                      className="MuiButtonBase-root-146 MuiTableSortLabel-root-141 MuiTableSortLabel-active-142"
                      onBlur={[Function]}
                      onClick={[Function]}
                      onContextMenu={[Function]}
                      onFocus={[Function]}
                      onKeyDown={[Function]}
                      onKeyUp={[Function]}
                      onMouseDown={[Function]}
                      onMouseLeave={[Function]}
                      onMouseUp={[Function]}
                      onTouchEnd={[Function]}
                      onTouchMove={[Function]}
                      onTouchStart={[Function]}
                      role="button"
                      tabIndex="0"
                    >
                      <h5
                        className="material-table__sort-label"
                      >
                        Amount
                      </h5>
                      <svg
                        aria-hidden="true"
                        className="MuiSvgIcon-root-149 MuiTableSortLabel-icon-143 MuiTableSortLabel-iconDirectionAsc-145"
                        focusable="false"
                        role="presentation"
                        viewBox="0 0 24 24"
                      >
                        <path
                          d="M20 12l-1.41-1.41L13 16.17V4h-2v12.17l-5.58-5.59L4 12l8 8 8-8z"
                        />
                      </svg>
                    </span>
                  </th>
                  <th
                    aria-sort={null}
                    className="MuiTableCell-root-129 MuiTableCell-head-130 material-table__cell material-table__cell--sort material-table__cell--mobile"
                    scope="col"
                  >
                    <h5
                      className="material-table__sort-label"
                    >
                      Source
                    </h5>
                  </th>
                </tr>
              </thead>
              <tbody
                className="MuiTableBody-root-158"
              >
                <tr
                  className="MuiTableRow-root-124 material-table__row"
                >
                  <th
                    aria-sort={null}
                    className="MuiTableCell-root-129 MuiTableCell-body-131 MuiTableCell-alignRight-139 material-table__cell material-table__cell--mobile "
                    scope="row"
                  >
                    Two
                  </th>
                  <th
                    aria-sort={null}
                    className="MuiTableCell-root-129 MuiTableCell-body-131 MuiTableCell-alignRight-139 material-table__cell material-table__cell--mobile "
                    scope="row"
                  >
                    $ 49.8M
                  </th>
                  <th
                    aria-sort={null}
                    className="MuiTableCell-root-129 MuiTableCell-body-131 MuiTableCell-alignRight-139 material-table__cell material-table__cell--mobile "
                    scope="row"
                  >
                    <a
                      href="https://test-voto-backend.herokuapp.com/admin/calendars/event/add/"
                    >
                       
                      <i
                        className="fal fa-external-link enlarge"
                      />
                       
                    </a>
                  </th>
                </tr>
                <tr
                  className="MuiTableRow-root-124 material-table__row"
                >
                  <th
                    aria-sort={null}
                    className="MuiTableCell-root-129 MuiTableCell-body-131 MuiTableCell-alignRight-139 material-table__cell material-table__cell--mobile "
                    scope="row"
                  >
                    dfgdsfgsdfg
                  </th>
                  <th
                    aria-sort={null}
                    className="MuiTableCell-root-129 MuiTableCell-body-131 MuiTableCell-alignRight-139 material-table__cell material-table__cell--mobile "
                    scope="row"
                  >
                    $ 123.0M
                  </th>
                  <th
                    aria-sort={null}
                    className="MuiTableCell-root-129 MuiTableCell-body-131 MuiTableCell-alignRight-139 material-table__cell material-table__cell--mobile "
                    scope="row"
                  >
                    <a
                      href="https://test-voto-backend.herokuapp.com/admin/calendars/event/add/"
                    >
                       
                      <i
                        className="fal fa-external-link enlarge"
                      />
                       
                    </a>
                  </th>
                </tr>
              </tbody>
            </table>
          </div>
          <div
            className="material-table__pagination"
          >
            <div
              className="MuiToolbar-root-169 MuiToolbar-regular-171 MuiToolbar-gutters-170 MuiTablePagination-toolbar-160"
            >
              <div
                className="MuiTablePagination-spacer-161"
              />
              <span
                className="MuiTypography-root-173 MuiTypography-caption-183 MuiTypography-colorInherit-202 MuiTablePagination-caption-162"
              >
                Filas por p√°gina
              </span>
              <div
                className="MuiInputBase-root-216 MuiTablePagination-input-166"
                onClick={[Function]}
              >
                <div
                  className="MuiSelect-root-209 MuiTablePagination-selectRoot-163"
                >
                  <div
                    aria-haspopup="true"
                    aria-pressed="false"
                    className="MuiSelect-select-210 MuiTablePagination-select-164 MuiSelect-selectMenu-213 MuiInputBase-input-226"
                    onBlur={[Function]}
                    onClick={[Function]}
                    onFocus={[Function]}
                    onKeyDown={[Function]}
                    role="button"
                    tabIndex={0}
                  >
                    <span
                      dangerouslySetInnerHTML={
                        Object {
                          "__html": "&#8203;",
                        }
                      }
                    />
                  </div>
                  <input
                    type="hidden"
                    value={5}
                  />
                  <svg
                    aria-hidden="true"
                    className="MuiSvgIcon-root-149 MuiSelect-icon-215 MuiTablePagination-selectIcon-165"
                    focusable="false"
                    role="presentation"
                    viewBox="0 0 24 24"
                  >
                    <path
                      d="M7 10l5 5 5-5z"
                    />
                  </svg>
                </div>
              </div>
              <span
                className="MuiTypography-root-173 MuiTypography-caption-183 MuiTypography-colorInherit-202 MuiTablePagination-caption-162"
              >
                1-2 of 2
              </span>
              <div
                className="MuiTablePagination-actions-168"
              >
                <button
                  className="MuiButtonBase-root-146 MuiButtonBase-disabled-147 MuiIconButton-root-237 MuiIconButton-colorInherit-238 MuiIconButton-disabled-241"
                  disabled={true}
                  onBlur={[Function]}
                  onClick={[Function]}
                  onContextMenu={[Function]}
                  onFocus={[Function]}
                  onKeyDown={[Function]}
                  onKeyUp={[Function]}
                  onMouseDown={[Function]}
                  onMouseLeave={[Function]}
                  onMouseUp={[Function]}
                  onTouchEnd={[Function]}
                  onTouchMove={[Function]}
                  onTouchStart={[Function]}
                  tabIndex="-1"
                  type="button"
                >
                  <span
                    className="MuiIconButton-label-242"
                  >
                    <svg
                      aria-hidden="true"
                      className="MuiSvgIcon-root-149"
                      focusable="false"
                      role="presentation"
                      viewBox="0 0 24 24"
                    >
                      <path
                        d="M15.41 16.09l-4.58-4.59 4.58-4.59L14 5.5l-6 6 6 6z"
                      />
                    </svg>
                  </span>
                </button>
                <button
                  className="MuiButtonBase-root-146 MuiButtonBase-disabled-147 MuiIconButton-root-237 MuiIconButton-colorInherit-238 MuiIconButton-disabled-241"
                  disabled={true}
                  onBlur={[Function]}
                  onClick={[Function]}
                  onContextMenu={[Function]}
                  onFocus={[Function]}
                  onKeyDown={[Function]}
                  onKeyUp={[Function]}
                  onMouseDown={[Function]}
                  onMouseLeave={[Function]}
                  onMouseUp={[Function]}
                  onTouchEnd={[Function]}
                  onTouchMove={[Function]}
                  onTouchStart={[Function]}
                  tabIndex="-1"
                  type="button"
                >
                  <span
                    className="MuiIconButton-label-242"
                  >
                    <svg
                      aria-hidden="true"
                      className="MuiSvgIcon-root-149"
                      focusable="false"
                      role="presentation"
                      viewBox="0 0 24 24"
                    >
                      <path
                        d="M8.59 16.34l4.58-4.59-4.58-4.59L10 5.75l6 6-6 6z"
                      />
                    </svg>
                  </span>
                </button>
              </div>
            </div>
          </div>
        </div>
      </div>
    </div>
  </div>
</div>
`;
