// Jest Snapshot v1, https://goo.gl/fbAQLP

exports[`Layout renders correctly without crashing 1`] = `
<div
  className="layout"
>
  Hello
</div>
`;
