// Jest Snapshot v1, https://goo.gl/fbAQLP

exports[`Scratch renders correctly without crashing 1`] = `
<div
  className="layout"
>
  Hello adsfadsf a
</div>
`;
