// Jest Snapshot v1, https://goo.gl/fbAQLP

exports[`<Home /> HomePage renders correctly without crashing 1`] = `
<div
  className="container"
>
  <div
    className="row"
  >
    <div
      className="col"
    >
      gg
    </div>
  </div>
</div>
`;
