// Jest Snapshot v1, https://goo.gl/fbAQLP

exports[`<Home /> HomePage renders correctly without crashing 1`] = `
<div
  className="container"
>
  <div
    className="row"
  >
    <div
      className="col"
    >
      <div
        className="form-group"
      >
        <input
          className="form-control"
          id="homeSearch"
          name="text"
          placeholder="Investiga!"
          type="string"
        />
      </div>
    </div>
  </div>
</div>
`;
